FM_TEST_BEGIN 2026-10-08T01:21:51Z tests/fm-spawn-compact-adviser-disable.test.sh family=backend-dispatch expected_gate_skip=none
Rebasing (1/1)error: could not apply 087705a... topic
hint: Resolve all conflicts manually, mark them as resolved with
hint: "git add/rm <conflicted_files>", then run "git rebase --continue".
hint: You can instead skip this commit: run "git rebase --skip".
hint: To abort and get back to the state before "git rebase", run "git rebase --abort".
hint: Disable this message with "git config set advice.mergeConflict false"
Could not apply 087705a... # topic
Successfully rebased and updated refs/heads/topic.
Successfully rebased and updated refs/heads/topic.
Rebasing (1/1)error: could not apply 255effc... topic
hint: Resolve all conflicts manually, mark them as resolved with
hint: "git add/rm <conflicted_files>", then run "git rebase --continue".
hint: You can instead skip this commit: run "git rebase --skip".
hint: To abort and get back to the state before "git rebase", run "git rebase --abort".
hint: Disable this message with "git config set advice.mergeConflict false"
Could not apply 255effc... # topic
Successfully rebased and updated refs/heads/topic.
Successfully rebased and updated refs/heads/topic.
ok - worker launches disable both git editors in ordinary and cleared environments
ok - ship launch with no allowlist starts its agent with the compact-adviser switch on
ok - ship launch under an enabled allowlist keeps the compact-adviser switch through the cleared environment
ok - the launch command sets the switch on its own, whichever allowlist posture is in force
ok - a secondmate launch carries the compact-adviser switch in both allowlist postures
ok - ship and secondmate launches export their absolute steering inbox as FM_TASK_INBOX
ok - relaunch rebuilds the compact-adviser switch for the replacement agent in both allowlist postures
ok - a compound raw launch-command still starts its agent with the compact-adviser switch on
FM_TEST_END 2026-10-08T01:22:14Z tests/fm-spawn-compact-adviser-disable.test.sh exit=0 duration_ms=23708 gate_skip=false
FM_TEST_SUMMARY total=1 failed=0 skipped_gate=0 duration_ms=23732
FM_TEST_SUMMARY_FAMILY family=backend-dispatch count=1 duration_ms=23708 failed=0
FM_TEST_SLOWEST rank=1 script=tests/fm-spawn-compact-adviser-disable.test.sh duration_ms=23708
