+ printf 'worker cwd=%s\nGIT_EDITOR=%s\nGIT_SEQUENCE_EDITOR=%s\n' /home/umer/.no-mistakes/worktrees/bde6b4035eae/01M4CND652NW53MP2VDN56N9SD/.lv/p/.treehouse/p-14c484/2/p true true
worker cwd=/home/umer/.no-mistakes/worktrees/bde6b4035eae/01M4CND652NW53MP2VDN56N9SD/.lv/p/.treehouse/p-14c484/2/p
GIT_EDITOR=true
GIT_SEQUENCE_EDITOR=true
+ git config user.name Lab
+ git config user.email lab@example.invalid
+ git config core.editor /home/umer/.no-mistakes/worktrees/bde6b4035eae/01M4CND652NW53MP2VDN56N9SD/.lv/user/../poison
+ git config sequence.editor /home/umer/.no-mistakes/worktrees/bde6b4035eae/01M4CND652NW53MP2VDN56N9SD/.lv/user/../poison
+ printf 'base\n'
+ git add conflict.txt
+ git diff --cached --quiet
+ git commit -qm base
++ git rev-parse HEAD
+ base=449d099f297d8951a5938b9346e3f6e9dc2f0871
++ date +%s%N
+ branch=journey-1791426833204787544
+ git checkout -qb journey-1791426833204787544
+ printf 'topic\n'
+ git commit -qam topic
++ date +%s%N
+ git checkout -qb upstream-1791426833224347951 449d099f297d8951a5938b9346e3f6e9dc2f0871
+ printf 'upstream\n'
+ git commit -qam upstream
++ git rev-parse HEAD
+ upstream=aff4e39464df5b759abc970becab5b8299fcceee
+ git checkout -q journey-1791426833204787544
+ git rebase aff4e39464df5b759abc970becab5b8299fcceee
Rebasing (1/1)Auto-merging conflict.txt
CONFLICT (content): Merge conflict in conflict.txt
error: could not apply 5afa093... topic
hint: Resolve all conflicts manually, mark them as resolved with
hint: "git add/rm <conflicted_files>", then run "git rebase --continue".
hint: You can instead skip this commit: run "git rebase --skip".
hint: To abort and get back to the state before "git rebase", run "git rebase --abort".
hint: Disable this message with "git config set advice.mergeConflict false"
Could not apply 5afa093... # topic
+ printf 'resolved\n'
+ git add conflict.txt
+ printf '\nRUN git rebase --continue (stdin=/dev/null)\n'

RUN git rebase --continue (stdin=/dev/null)
+ timeout 15 git rebase --continue
[detached HEAD db01004] topic
 1 file changed, 1 insertion(+), 1 deletion(-)
Successfully rebased and updated refs/heads/journey-1791426833204787544.
+ printf '\nRUN git rebase -i HEAD~1 (stdin=/dev/null)\n'

RUN git rebase -i HEAD~1 (stdin=/dev/null)
+ timeout 15 git rebase -i HEAD~1
Successfully rebased and updated refs/heads/journey-1791426833204787544.
++ git branch --show-current
++ cat conflict.txt
+ printf 'branch=%s content=%s\n' journey-1791426833204787544 resolved
branch=journey-1791426833204787544 content=resolved
++ cat conflict.txt
+ test resolved = resolved
++ git rev-parse --git-path rebase-merge
+ test '!' -d /home/umer/.no-mistakes/worktrees/bde6b4035eae/01M4CND652NW53MP2VDN56N9SD/.lv/p/.git/worktrees/p1/rebase-merge
+ printf '\nWORKER_GIT_COMPLETED\n'

WORKER_GIT_COMPLETED
