+ printf 'worker cwd=%s\nGIT_EDITOR=%s\nGIT_SEQUENCE_EDITOR=%s\n' /home/umer/.no-mistakes/worktrees/bde6b4035eae/01M4CND652NW53MP2VDN56N9SD/.test-tmp/negative/repo /home/umer/.no-mistakes/worktrees/bde6b4035eae/01M4CND652NW53MP2VDN56N9SD/.test-tmp/negative/poison /home/umer/.no-mistakes/worktrees/bde6b4035eae/01M4CND652NW53MP2VDN56N9SD/.test-tmp/negative/poison
worker cwd=/home/umer/.no-mistakes/worktrees/bde6b4035eae/01M4CND652NW53MP2VDN56N9SD/.test-tmp/negative/repo
GIT_EDITOR=/home/umer/.no-mistakes/worktrees/bde6b4035eae/01M4CND652NW53MP2VDN56N9SD/.test-tmp/negative/poison
GIT_SEQUENCE_EDITOR=/home/umer/.no-mistakes/worktrees/bde6b4035eae/01M4CND652NW53MP2VDN56N9SD/.test-tmp/negative/poison
+ git config user.name Lab
+ git config user.email lab@example.invalid
+ git config core.editor /home/umer/.no-mistakes/worktrees/bde6b4035eae/01M4CND652NW53MP2VDN56N9SD/.test-tmp/negative/user/../poison
+ git config sequence.editor /home/umer/.no-mistakes/worktrees/bde6b4035eae/01M4CND652NW53MP2VDN56N9SD/.test-tmp/negative/user/../poison
+ printf 'base\n'
+ git add conflict.txt
+ git diff --cached --quiet
+ git commit -qm base
++ git rev-parse HEAD
+ base=9936b4845ca8cd37a7a6b479cef933ea02e8fe32
++ date +%s%N
+ branch=journey-1791427466721717629
+ git checkout -qb journey-1791427466721717629
+ printf 'topic\n'
+ git commit -qam topic
++ date +%s%N
+ git checkout -qb upstream-1791427466725330905 9936b4845ca8cd37a7a6b479cef933ea02e8fe32
+ printf 'upstream\n'
+ git commit -qam upstream
++ git rev-parse HEAD
+ upstream=3ed041a6f5cbf577260e1660d52d822abbee3bcd
+ git checkout -q journey-1791427466721717629
+ git rebase 3ed041a6f5cbf577260e1660d52d822abbee3bcd
Rebasing (1/1)Auto-merging conflict.txt
CONFLICT (content): Merge conflict in conflict.txt
error: could not apply 804377c... topic
hint: Resolve all conflicts manually, mark them as resolved with
hint: "git add/rm <conflicted_files>", then run "git rebase --continue".
hint: You can instead skip this commit: run "git rebase --skip".
hint: To abort and get back to the state before "git rebase", run "git rebase --abort".
hint: Disable this message with "git config set advice.mergeConflict false"
Could not apply 804377c... # topic
+ printf 'resolved\n'
+ git add conflict.txt
+ printf '\nRUN git rebase --continue (stdin=/dev/null)\n'

RUN git rebase --continue (stdin=/dev/null)
+ timeout 15 git rebase --continue
error: there was a problem with the editor '/home/umer/.no-mistakes/worktrees/bde6b4035eae/01M4CND652NW53MP2VDN56N9SD/.test-tmp/negative/poison'
Please supply the message using either -m or -F option.
error: could not commit staged changes.

Unprotected worker exit=1
