ok - fm_backend_tmux_agent_state: separates live, dead, missing, ambiguous, and unreadable
ok - fm_backend_tmux_agent_state: rejects malformed targets before probing tmux
ok - fm_backend_herdr_agent_state: preserves missing/no-agent/live/unknown husk behavior
ok - fm_backend_agent_state: routes tmux/Herdr and keeps Zellij unverified
ok - memory deferrals preserve the endpoint and liveness retry budget
ok - sweep: a confirmed-dead secondmate endpoint is killed and respawned
ok - sweep: an already-live secondmate is untouched and distinguishable in verbose diagnostics
ok - sweep: an authoritatively missing Pi secondmate window is relaunched
ok - sweep: an authoritatively missing pi-signed secondmate window is relaunched on its own pin
ok - sweep: an existing ambiguous Pi process prevents duplicate recovery
ok - sweep: transient target unreadability never licenses recovery
ok - sweep: failed relaunch diagnostics distinguish a confidently missing endpoint
ok - sweep: an unverified harness blocks recovery with a concrete diagnostic
ok - sweep: idempotent by construction - a live secondmate is never re-touched on a later run
ok - sweep: skipped entirely under FM_BOOTSTRAP_DETECT_ONLY=1, exactly like the other mutating sweeps
ok - sweep: a silent no-op with no kind=secondmate meta present (a secondmate home's own natural scoping)
ok - sweep: a mate mid-episode under the shared liveness lock is skipped entirely
not ok - a mode-444 relaunch ledger should skip the relaunch with its reason (missing: 'SECONDMATE_LIVENESS: secondmate sm1: skipped: relaunch ledger /tmp/fm-secondmate-liveness.zK6yvI/sweep-ledger-444/home/state/.secondmate-relaunch-sm1 is unwritable')
--- output ---
SECONDMATE_LIVENESS: secondmate sm1: skipped: /home/umer/.no-mistakes/worktrees/bde6b4035eae/01M4CT545F00ZMBN7DDRKETEBP/bin/fm-secondmate-liveness-lib.sh: line 94: /tmp/fm-secondmate-liveness.zK6yvI/sweep-ledger-444/home/state/.secondmate-relaunch-sm1: Permission denied
SECONDMATE_SYNC: secondmate sm1: skipped: primary default-branch commit cannot be resolved
