/home/umer/.no-mistakes/worktrees/bde6b4035eae/01M4CT545F00ZMBN7DDRKETEBP/.validation/fm-lab.M3mPGT

=== real host admission: ship rc=1 ===
fm-gate-refuse: gate agent lifecycle permitted only against lab home /home/umer/.no-mistakes/worktrees/bde6b4035eae/01M4CT545F00ZMBN7DDRKETEBP/.validation/fm-lab.M3mPGT
host memory under pressure: pressure at or above 0% (pressure 4% (10 s average), 41.0 GB available, 42.9 GB swap used; host 4%, cgroup 2% (user.slice/user-1000.slice))
error: spawn refused - task guard-ship stays queued until host memory eases; retry then
1791436136	guard-ship	host memory under pressure: pressure at or above 0% (pressure 4% (10 s average), 41.0 GB available, 42.9 GB swap used; host 4%, cgroup 2% (user.slice/user-1000.slice))

=== real host admission: scout rc=1 ===
fm-gate-refuse: gate agent lifecycle permitted only against lab home /home/umer/.no-mistakes/worktrees/bde6b4035eae/01M4CT545F00ZMBN7DDRKETEBP/.validation/fm-lab.M3mPGT
host memory under pressure: pressure at or above 0% (pressure 4% (10 s average), 41.0 GB available, 42.9 GB swap used; host 4%, cgroup 2% (user.slice/user-1000.slice))
error: spawn refused - task guard-scout stays queued until host memory eases; retry then
1791436136	guard-scout	host memory under pressure: pressure at or above 0% (pressure 4% (10 s average), 41.0 GB available, 42.9 GB swap used; host 4%, cgroup 2% (user.slice/user-1000.slice))

=== real host admission: secondmate rc=1 ===
fm-gate-refuse: gate agent lifecycle permitted only against lab home /home/umer/.no-mistakes/worktrees/bde6b4035eae/01M4CT545F00ZMBN7DDRKETEBP/.validation/fm-lab.M3mPGT
host memory under pressure: pressure at or above 0% (pressure 4% (10 s average), 40.2 GB available, 42.9 GB swap used; host 4%, cgroup 2% (user.slice/user-1000.slice))
error: spawn refused - task guard-mate stays queued until host memory eases; retry then
1791436137	guard-mate	host memory under pressure: pressure at or above 0% (pressure 4% (10 s average), 40.2 GB available, 42.9 GB swap used; host 4%, cgroup 2% (user.slice/user-1000.slice))

=== healthy admission clears refusal ===
OK	pressure 4% (10 s average), 40.0 GB available, 42.9 GB swap used; host 4%, cgroup 2% (user.slice/user-1000.slice)
registered: state/slow.check.sh

=== real host sampler ALERT while supervision check blocks ===
1791436138	41919964	45056756	3.59	OK
1791436148	38818252	45376648	4.11	ALERT
1791436148		check: host memory ALERT: pressure 4% (10 s average), 37.0 GB available, 43.3 GB swap used; host 4%, cgroup 2% (user.slice/user-1000.slice); pressure at or above 0%; largest: java pid 3419211 5.5 GB, qemu-system-x86 pid 35693 4.1 GB, qemu-system-x86 pid 1425996 4.1 GB; automatic interrupt skipped: top consumer is not a task this home owns
1791436148	1	check	host-memory	check: host memory ALERT: pressure 4% (10 s average), 37.0 GB available, 43.3 GB swap used; host 4%, cgroup 2% (user.slice/user-1000.slice); pressure at or above 0%; largest: java pid 3419211 5.5 GB, qemu-system-x86 pid 35693 4.1 GB, qemu-system-x86 pid 1425996 4.1 GB; automatic interrupt skipped: top consumer is not a task this home owns
check: host memory ALERT: pressure 4% (10 s average), 37.0 GB available, 43.3 GB swap used; host 4%, cgroup 2% (user.slice/user-1000.slice); pressure at or above 0%; largest: java pid 3419211 5.5 GB, qemu-system-x86 pid 35693 4.1 GB, qemu-system-x86 pid 1425996 4.1 GB; automatic interrupt skipped: top consumer is not a task this home owns
/home/umer/.no-mistakes/worktrees/bde6b4035eae/01M4CT545F00ZMBN7DDRKETEBP/bin/fm-host-memory-sampler.sh: line 12: /home/umer/.no-mistakes/worktrees/bde6b4035eae/01M4CT545F00ZMBN7DDRKETEBP/.validation/fm-lab.M3mPGT/state/.host-memory-sampler.pid: No such file or directory
/home/umer/.no-mistakes/worktrees/bde6b4035eae/01M4CT545F00ZMBN7DDRKETEBP/bin/fm-host-memory-sampler.sh: line 12: /home/umer/.no-mistakes/worktrees/bde6b4035eae/01M4CT545F00ZMBN7DDRKETEBP/.validation/fm-lab.M3mPGT/state/.host-memory-sampler.pid: No such file or directory
/home/umer/.no-mistakes/worktrees/bde6b4035eae/01M4CT545F00ZMBN7DDRKETEBP/bin/fm-host-memory-sampler.sh: line 12: /home/umer/.no-mistakes/worktrees/bde6b4035eae/01M4CT545F00ZMBN7DDRKETEBP/.validation/fm-lab.M3mPGT/state/.host-memory-sampler.pid: No such file or directory
/home/umer/.no-mistakes/worktrees/bde6b4035eae/01M4CT545F00ZMBN7DDRKETEBP/bin/fm-host-memory-sampler.sh: line 12: /home/umer/.no-mistakes/worktrees/bde6b4035eae/01M4CT545F00ZMBN7DDRKETEBP/.validation/fm-lab.M3mPGT/state/.host-memory-sampler.pid: No such file or directory

=== real systemd unit output: home with spaces ===
[Unit]
Description=Firstmate sentinel for /home/umer/.no-mistakes/worktrees/bde6b4035eae/01M4CT545F00ZMBN7DDRKETEBP/.validation/fm-lab.M3mPGT/Fleet Home (recovers supervision after an agent-runtime restart)

[Service]
Environment="FM_HOME=/home/umer/.no-mistakes/worktrees/bde6b4035eae/01M4CT545F00ZMBN7DDRKETEBP/.validation/fm-lab.M3mPGT/Fleet Home"
Environment="PATH=/home/umer/.pi/agent/bin:/home/umer/.local/bin:/home/umer/.flashlight/bin:/home/umer/Android/Sdk/platform-tools:/home/umer/Android/Sdk/emulator:/home/umer/.kimi-code/bin:/home/umer/go/bin:/home/umer/.cargo/bin:/home/umer/bin:/opt/homebrew/bin:/opt/homebrew/sbin:/usr/local/bin:/usr/local/sbin:/usr/bin:/bin:/usr/sbin:/sbin:/home/umer/.local/share/mise/installs/pi/latest/pi:/home/umer/.local/share/mise/installs/gh/latest/gh_2.97.0_linux_amd64/bin:/home/umer/.local/share/mise/installs/opencode/latest:/home/umer/.local/share/mise/shims:/usr/bin/site_perl:/usr/bin/vendor_perl:/usr/bin/core_perl"
ExecStart="/home/umer/.no-mistakes/worktrees/bde6b4035eae/01M4CT545F00ZMBN7DDRKETEBP/bin/fm-sentinel.sh" loop
Restart=always
RestartSec=10

[Install]
WantedBy=default.target

=== dashboard generated from real host and sampler state ===
host memory under pressure: pressure at or above 0% (pressure 4% (10 s average), 37.1 GB available, 43.5 GB swap used; host 4%, cgroup 2% (user.slice/user-1000.slice))
/home/umer/.no-mistakes/worktrees/bde6b4035eae/01M4CT545F00ZMBN7DDRKETEBP/.validation/fm-lab.M3mPGT/state/dashboard/index.html

Live driver completed; disposable home removed by trap.
