FM_TEST_BEGIN 2026-10-07T03:08:27Z tests/fm-backend-herdr-smoke.test.sh family=real-herdr-gated expected_gate_skip=herdr
ok - real herdr: version_check accepts the installed binary's protocol
ok - real herdr: container_ensure starts the isolated session's server, creates the firstmate workspace (fm-lab-backend-smoke-224689:w1), and reports its seeded default tab id (w1:t1)
ok - real herdr: session status normalizes running and compatible
ok - real herdr: container_ensure is idempotent (reuses/adopts the existing firstmate workspace, reports no seeded default tab on adoption)
ok - real herdr: create_task prunes the freshly-created workspace's seeded default tab, leaving exactly one clean fm-<id> task tab
ok - real herdr: create_task refuses a same-labeled tab whose pane hosts a genuinely live registered agent (unchanged behavior)
ok - real herdr: create_task closes and replaces a same-labeled tab whose pane hosts no registered agent (the restored-husk shape), leaving the workspace intact
ok - real herdr: a secondmate-shaped home (.fm-secondmate-home) gets its OWN herdr workspace, distinct from the primary's, in the SAME session
ok - real herdr: the secondmate-shaped home's workspace is labeled 2ndmate-<secondmate-id> in herdr itself
ok - real herdr: a task spawned into the secondmate-shaped home lands as a tab inside the secondmate's OWN workspace
ok - real herdr: list_live stays scoped to each home's own workspace - neither home sees the other's tasks
ok - real herdr: BOTH workspace ids/labels AND both tasks' pane ids survive a session stop + fresh server restart (multi-workspace shape)
ok - real herdr: send_text_line runs a command atomically (pane run) and its output is capturable
ok - real herdr: send_literal + send_key Enter submit as two separate steps (verified: send-text does NOT auto-submit)
ok - real herdr: current_path reads the pane's live cwd
note: FM_HERDR_SMOKE_REAL_CLAUDE=1 not set; skipping the real-agent busy_state check
ok - real herdr: kill removes the pane and is idempotent/best-effort
ok - real herdr: list_live discovers a live task tab by fm-<id> label
FM_TEST_END 2026-10-07T03:08:32Z tests/fm-backend-herdr-smoke.test.sh exit=0 duration_ms=4561 gate_skip=false
FM_TEST_SUMMARY total=1 failed=0 skipped_gate=0 duration_ms=4589
FM_TEST_SUMMARY_FAMILY family=real-herdr-gated count=1 duration_ms=4561 failed=0
FM_TEST_SLOWEST rank=1 script=tests/fm-backend-herdr-smoke.test.sh duration_ms=4561
